PLEASE WAIT FOR A MOMENT:   0%|          | 0/69 [00:00<?, ?IT/S]	KeyError('date')
PLEASE WAIT FOR A MOMENT:   1%|▏         | 1/69 [00:00<00:07,  8.63IT/S]	KeyError('date')
PLEASE WAIT FOR A MOMENT:   3%|▎         | 2/69 [00:00<00:07,  9.03IT/S]	KeyError('date')
PLEASE WAIT FOR A MOMENT:   4%|▍         | 3/69 [00:00<00:07,  9.27IT/S]	KeyError('date')
PLEASE WAIT FOR A MOMENT:   6%|▌         | 4/69 [00:00<00:07,  8.53IT/S]	KeyError('date')
PLEASE WAIT FOR A MOMENT:   7%|▋         | 5/69 [00:00<00:07,  8.35IT/S]	KeyError('date')
PLEASE WAIT FOR A MOMENT:   9%|▊         | 6/69 [00:00<00:07,  8.37IT/S]	KeyError('date')
PLEASE WAIT FOR A MOMENT:  10%|█         | 7/69 [00:00<00:07,  8.29IT/S]	KeyError('date')
PLEASE WAIT FOR A MOMENT:  12%|█▏        | 8/69 [00:00<00:07,  8.07IT/S]	KeyError('date')
PLEASE WAIT FOR A MOMENT:  13%|█▎        | 9/69 [00:01<00:07,  8.18IT/S]	KeyError('date')
PLEASE WAIT FOR A MOMENT:  14%|█▍        | 10/69 [00:01<00:13,  4.29IT/S]	KeyError('date')
PLEASE WAIT FOR A MOMENT:  16%|█▌        | 11/69 [00:01<00:11,  5.13IT/S]	KeyError('date')
PLEASE WAIT FOR A MOMENT:  17%|█▋        | 12/69 [00:01<00:09,  5.92IT/S]	KeyError('date')
PLEASE WAIT FOR A MOMENT:  19%|█▉        | 13/69 [00:01<00:08,  6.54IT/S]	KeyError('date')
PLEASE WAIT FOR A MOMENT:  20%|██        | 14/69 [00:02<00:07,  7.06IT/S]	KeyError('date')
PLEASE WAIT FOR A MOMENT:  22%|██▏       | 15/69 [00:02<00:07,  7.46IT/S]	KeyError('date')
PLEASE WAIT FOR A MOMENT:  23%|██▎       | 16/69 [00:02<00:07,  7.52IT/S]	KeyError('date')
PLEASE WAIT FOR A MOMENT:  25%|██▍       | 17/69 [00:02<00:06,  7.66IT/S]	KeyError('date')
PLEASE WAIT FOR A MOMENT:  26%|██▌       | 18/69 [00:02<00:06,  7.76IT/S]	KeyError('date')
PLEASE WAIT FOR A MOMENT:  28%|██▊       | 19/69 [00:02<00:06,  8.14IT/S]	KeyError('date')
PLEASE WAIT FOR A MOMENT:  29%|██▉       | 20/69 [00:02<00:05,  8.19IT/S]	KeyError('date')
PLEASE WAIT FOR A MOMENT:  30%|███       | 21/69 [00:02<00:05,  8.39IT/S]	KeyError('date')
PLEASE WAIT FOR A MOMENT:  32%|███▏      | 22/69 [00:02<00:05,  8.31IT/S]	KeyError('date')
PLEASE WAIT FOR A MOMENT:  33%|███▎      | 23/69 [00:03<00:05,  8.57IT/S]	KeyError('date')
PLEASE WAIT FOR A MOMENT:  35%|███▍      | 24/69 [00:03<00:05,  7.97IT/S]	KeyError('date')
PLEASE WAIT FOR A MOMENT:  36%|███▌      | 25/69 [00:03<00:05,  8.23IT/S]	KeyError('date')
PLEASE WAIT FOR A MOMENT:  38%|███▊      | 26/69 [00:03<00:05,  8.31IT/S]	KeyError('date')
PLEASE WAIT FOR A MOMENT:  39%|███▉      | 27/69 [00:04<00:11,  3.65IT/S]	KeyError('date')
PLEASE WAIT FOR A MOMENT:  41%|████      | 28/69 [00:04<00:09,  4.40IT/S]	KeyError('date')
PLEASE WAIT FOR A MOMENT:  42%|████▏     | 29/69 [00:04<00:07,  5.17IT/S]	KeyError('date')
PLEASE WAIT FOR A MOMENT:  43%|████▎     | 30/69 [00:04<00:06,  5.83IT/S]	KeyError('date')
PLEASE WAIT FOR A MOMENT:  45%|████▍     | 31/69 [00:04<00:05,  6.52IT/S]	KeyError('date')
PLEASE WAIT FOR A MOMENT:  46%|████▋     | 32/69 [00:04<00:05,  6.87IT/S]	KeyError('date')
PLEASE WAIT FOR A MOMENT:  48%|████▊     | 33/69 [00:04<00:05,  7.16IT/S]	KeyError('date')
PLEASE WAIT FOR A MOMENT:  49%|████▉     | 34/69 [00:04<00:04,  7.51IT/S]	KeyError('date')
PLEASE WAIT FOR A MOMENT:  51%|█████     | 35/69 [00:05<00:04,  7.93IT/S]	KeyError('date')
PLEASE WAIT FOR A MOMENT:  52%|█████▏    | 36/69 [00:05<00:04,  7.93IT/S]	KeyError('date')
PLEASE WAIT FOR A MOMENT:  54%|█████▎    | 37/69 [00:05<00:08,  3.61IT/S]	KeyError('date')
PLEASE WAIT FOR A MOMENT:  55%|█████▌    | 38/69 [00:05<00:07,  4.39IT/S]	KeyError('date')
PLEASE WAIT FOR A MOMENT:  57%|█████▋    | 39/69 [00:06<00:05,  5.12IT/S]	KeyError('date')
PLEASE WAIT FOR A MOMENT:  58%|█████▊    | 40/69 [00:06<00:11,  2.52IT/S]	KeyError('date')
PLEASE WAIT FOR A MOMENT:  59%|█████▉    | 41/69 [00:06<00:08,  3.21IT/S]	KeyError('date')
PLEASE WAIT FOR A MOMENT:  61%|██████    | 42/69 [00:07<00:10,  2.49IT/S]	KeyError('date')
PLEASE WAIT FOR A MOMENT:  62%|██████▏   | 43/69 [00:07<00:08,  3.13IT/S]	KeyError('date')
PLEASE WAIT FOR A MOMENT:  64%|██████▍   | 44/69 [00:08<00:10,  2.29IT/S]	KeyError('date')
PLEASE WAIT FOR A MOMENT:  65%|██████▌   | 45/69 [00:08<00:08,  2.92IT/S]	KeyError('date')
PLEASE WAIT FOR A MOMENT:  67%|██████▋   | 46/69 [00:09<00:08,  2.62IT/S]	KeyError('date')
PLEASE WAIT FOR A MOMENT:  68%|██████▊   | 47/69 [00:09<00:06,  3.30IT/S]	KeyError('date')
PLEASE WAIT FOR A MOMENT:  70%|██████▉   | 48/69 [00:09<00:05,  3.98IT/S]	KeyError('date')
PLEASE WAIT FOR A MOMENT:  71%|███████   | 49/69 [00:09<00:04,  4.80IT/S]	KeyError('date')
PLEASE WAIT FOR A MOMENT:  72%|███████▏  | 50/69 [00:09<00:05,  3.66IT/S]	KeyError('date')
PLEASE WAIT FOR A MOMENT:  74%|███████▍  | 51/69 [00:10<00:05,  3.02IT/S]	KeyError('date')
PLEASE WAIT FOR A MOMENT:  75%|███████▌  | 52/69 [00:10<00:07,  2.29IT/S]	KeyError('date')
PLEASE WAIT FOR A MOMENT:  77%|███████▋  | 53/69 [00:11<00:05,  2.94IT/S]	KeyError('date')
PLEASE WAIT FOR A MOMENT:  78%|███████▊  | 54/69 [00:11<00:06,  2.44IT/S]	KeyError('date')
PLEASE WAIT FOR A MOMENT:  80%|███████▉  | 55/69 [00:12<00:09,  1.48IT/S]	KeyError('date')
PLEASE WAIT FOR A MOMENT:  81%|████████  | 56/69 [00:13<00:06,  1.96IT/S]	KeyError('date')
PLEASE WAIT FOR A MOMENT:  83%|████████▎ | 57/69 [00:13<00:04,  2.53IT/S]	KeyError('date')
PLEASE WAIT FOR A MOMENT:  84%|████████▍ | 58/69 [00:13<00:03,  3.22IT/S]	KeyError('date')
PLEASE WAIT FOR A MOMENT:  86%|████████▌ | 59/69 [00:13<00:02,  4.01IT/S]	KeyError('date')
PLEASE WAIT FOR A MOMENT:  87%|████████▋ | 60/69 [00:13<00:01,  4.81IT/S]	KeyError('date')
PLEASE WAIT FOR A MOMENT:  88%|████████▊ | 61/69 [00:13<00:02,  3.53IT/S]	KeyError('date')
PLEASE WAIT FOR A MOMENT:  90%|████████▉ | 62/69 [00:14<00:02,  2.76IT/S]	KeyError('date')
PLEASE WAIT FOR A MOMENT:  91%|█████████▏| 63/69 [00:15<00:02,  2.09IT/S]	KeyError('date')
PLEASE WAIT FOR A MOMENT:  93%|█████████▎| 64/69 [00:15<00:01,  2.69IT/S]	KeyError('date')
PLEASE WAIT FOR A MOMENT:  94%|█████████▍| 65/69 [00:15<00:01,  3.42IT/S]	KeyError('date')
PLEASE WAIT FOR A MOMENT:  96%|█████████▌| 66/69 [00:15<00:00,  4.15IT/S]	KeyError('date')
PLEASE WAIT FOR A MOMENT:  97%|█████████▋| 67/69 [00:15<00:00,  4.94IT/S]	KeyError('date')
PLEASE WAIT FOR A MOMENT:  99%|█████████▊| 68/69 [00:15<00:00,  5.63IT/S]	KeyError('date')
PLEASE WAIT FOR A MOMENT: 100%|██████████| 69/69 [00:15<00:00,  6.36IT/S]	KeyError('date')
